Archive member included because of file (symbol)

/usr/bin/../lib/gcc/arm-none-eabi/4.9.3/../../../../arm-none-eabi/lib/armv7e-m/fpu/libm.a(lib_a-sf_cos.o)
                              build/obj/digital_filter.o (cosf)
/usr/bin/../lib/gcc/arm-none-eabi/4.9.3/../../../../arm-none-eabi/lib/armv7e-m/fpu/libm.a(lib_a-sf_round.o)
                              build/obj/ledpwm.o (roundf)
/usr/bin/../lib/gcc/arm-none-eabi/4.9.3/../../../../arm-none-eabi/lib/armv7e-m/fpu/libm.a(lib_a-sf_sin.o)
                              build/obj/digital_filter.o (sinf)
/usr/bin/../lib/gcc/arm-none-eabi/4.9.3/../../../../arm-none-eabi/lib/armv7e-m/fpu/libm.a(lib_a-w_sqrt.o)
                              build/obj/digital_filter.o (sqrt)
/usr/bin/../lib/gcc/arm-none-eabi/4.9.3/../../../../arm-none-eabi/lib/armv7e-m/fpu/libm.a(lib_a-wf_asin.o)
                              build/obj/mcpwm.o (asinf)
/usr/bin/../lib/gcc/arm-none-eabi/4.9.3/../../../../arm-none-eabi/lib/armv7e-m/fpu/libm.a(lib_a-wf_atan2.o)
                              build/obj/mcpwm_foc.o (atan2f)
/usr/bin/../lib/gcc/arm-none-eabi/4.9.3/../../../../arm-none-eabi/lib/armv7e-m/fpu/libm.a(lib_a-wf_fmod.o)
                              build/obj/utils.o (fmodf)
/usr/bin/../lib/gcc/arm-none-eabi/4.9.3/../../../../arm-none-eabi/lib/armv7e-m/fpu/libm.a(lib_a-wf_log.o)
                              build/obj/commands.o (logf)
/usr/bin/../lib/gcc/arm-none-eabi/4.9.3/../../../../arm-none-eabi/lib/armv7e-m/fpu/libm.a(lib_a-wf_pow.o)
                              build/obj/ledpwm.o (powf)
/usr/bin/../lib/gcc/arm-none-eabi/4.9.3/../../../../arm-none-eabi/lib/armv7e-m/fpu/libm.a(lib_a-wf_sincos.o)
                              build/obj/mcpwm_foc.o (sincosf)
/usr/bin/../lib/gcc/arm-none-eabi/4.9.3/../../../../arm-none-eabi/lib/armv7e-m/fpu/libm.a(lib_a-wf_sqrt.o)
                              build/obj/mcpwm.o (sqrtf)
/usr/bin/../lib/gcc/arm-none-eabi/4.9.3/../../../../arm-none-eabi/lib/armv7e-m/fpu/libm.a(lib_a-e_sqrt.o)
                              /usr/bin/../lib/gcc/arm-none-eabi/4.9.3/../../../../arm-none-eabi/lib/armv7e-m/fpu/libm.a(lib_a-w_sqrt.o) (__ieee754_sqrt)
/usr/bin/../lib/gcc/arm-none-eabi/4.9.3/../../../../arm-none-eabi/lib/armv7e-m/fpu/libm.a(lib_a-ef_asin.o)
                              /usr/bin/../lib/gcc/arm-none-eabi/4.9.3/../../../../arm-none-eabi/lib/armv7e-m/fpu/libm.a(lib_a-wf_asin.o) (__ieee754_asinf)
/usr/bin/../lib/gcc/arm-none-eabi/4.9.3/../../../../arm-none-eabi/lib/armv7e-m/fpu/libm.a(lib_a-ef_atan2.o)
                              /usr/bin/../lib/gcc/arm-none-eabi/4.9.3/../../../../arm-none-eabi/lib/armv7e-m/fpu/libm.a(lib_a-wf_atan2.o) (__ieee754_atan2f)
/usr/bin/../lib/gcc/arm-none-eabi/4.9.3/../../../../arm-none-eabi/lib/armv7e-m/fpu/libm.a(lib_a-ef_fmod.o)
                              /usr/bin/../lib/gcc/arm-none-eabi/4.9.3/../../../../arm-none-eabi/lib/armv7e-m/fpu/libm.a(lib_a-wf_fmod.o) (__ieee754_fmodf)
/usr/bin/../lib/gcc/arm-none-eabi/4.9.3/../../../../arm-none-eabi/lib/armv7e-m/fpu/libm.a(lib_a-ef_log.o)
                              /usr/bin/../lib/gcc/arm-none-eabi/4.9.3/../../../../arm-none-eabi/lib/armv7e-m/fpu/libm.a(lib_a-wf_log.o) (__ieee754_logf)
/usr/bin/../lib/gcc/arm-none-eabi/4.9.3/../../../../arm-none-eabi/lib/armv7e-m/fpu/libm.a(lib_a-ef_pow.o)
                              /usr/bin/../lib/gcc/arm-none-eabi/4.9.3/../../../../arm-none-eabi/lib/armv7e-m/fpu/libm.a(lib_a-wf_pow.o) (__ieee754_powf)
/usr/bin/../lib/gcc/arm-none-eabi/4.9.3/../../../../arm-none-eabi/lib/armv7e-m/fpu/libm.a(lib_a-ef_rem_pio2.o)
                              /usr/bin/../lib/gcc/arm-none-eabi/4.9.3/../../../../arm-none-eabi/lib/armv7e-m/fpu/libm.a(lib_a-sf_cos.o) (__ieee754_rem_pio2f)
/usr/bin/../lib/gcc/arm-none-eabi/4.9.3/../../../../arm-none-eabi/lib/armv7e-m/fpu/libm.a(lib_a-ef_sqrt.o)
                              /usr/bin/../lib/gcc/arm-none-eabi/4.9.3/../../../../arm-none-eabi/lib/armv7e-m/fpu/libm.a(lib_a-wf_sqrt.o) (__ieee754_sqrtf)
/usr/bin/../lib/gcc/arm-none-eabi/4.9.3/../../../../arm-none-eabi/lib/armv7e-m/fpu/libm.a(lib_a-kf_cos.o)
                              /usr/bin/../lib/gcc/arm-none-eabi/4.9.3/../../../../arm-none-eabi/lib/armv7e-m/fpu/libm.a(lib_a-sf_cos.o) (__kernel_cosf)
/usr/bin/../lib/gcc/arm-none-eabi/4.9.3/../../../../arm-none-eabi/lib/armv7e-m/fpu/libm.a(lib_a-kf_rem_pio2.o)
                              /usr/bin/../lib/gcc/arm-none-eabi/4.9.3/../../../../arm-none-eabi/lib/armv7e-m/fpu/libm.a(lib_a-ef_rem_pio2.o) (__kernel_rem_pio2f)
/usr/bin/../lib/gcc/arm-none-eabi/4.9.3/../../../../arm-none-eabi/lib/armv7e-m/fpu/libm.a(lib_a-kf_sin.o)
                              /usr/bin/../lib/gcc/arm-none-eabi/4.9.3/../../../../arm-none-eabi/lib/armv7e-m/fpu/libm.a(lib_a-sf_cos.o) (__kernel_sinf)
/usr/bin/../lib/gcc/arm-none-eabi/4.9.3/../../../../arm-none-eabi/lib/armv7e-m/fpu/libm.a(lib_a-s_fpclassify.o)
[...]
Memory Configuration

Name             Origin             Length             Attributes
flash            0x0000000008000000 0x0000000000004000
flash2           0x000000000800c000 0x0000000000078000
ram0             0x0000000020000000 0x0000000000020000
ram1             0x0000000020000000 0x000000000001c000
ram2             0x000000002001c000 0x0000000000004000
ram3             0x0000000000000000 0x0000000000000000
ram4             0x0000000010000000 0x0000000000010000
ram5             0x0000000040024000 0x0000000000001000
ram6             0x0000000000000000 0x0000000000000000
ram7             0x0000000000000000 0x0000000000000000
*default*        0x0000000000000000 0xffffffffffffffff

Linker script and memory map

LOAD build/obj/crt0_v7m.o
LOAD build/obj/chcoreasm_v7m.o
LOAD build/obj/crt1.o
LOAD build/obj/vectors.o
LOAD build/obj/chsys.o
LOAD build/obj/chdebug.o
LOAD build/obj/chvt.o
LOAD build/obj/chschd.o
LOAD build/obj/chthreads.o
LOAD build/obj/chtm.o
LOAD build/obj/chdynamic.o
LOAD build/obj/chregistry.o
LOAD build/obj/chsem.o
LOAD build/obj/chmtx.o
LOAD build/obj/chcond.o
LOAD build/obj/chevents.o
LOAD build/obj/chmsg.o
LOAD build/obj/chmboxes.o
LOAD build/obj/chqueues.o
LOAD build/obj/chmemcore.o
LOAD build/obj/chheap.o
LOAD build/obj/chmempools.o
LOAD build/obj/chcore.o
LOAD build/obj/chcore_v7m.o
LOAD build/obj/osal.o
LOAD build/obj/hal.o
LOAD build/obj/st.o
LOAD build/obj/hal_queues.o
LOAD build/obj/hal_mmcsd.o
LOAD build/obj/can.o
LOAD build/obj/i2c.o
LOAD build/obj/icu.o
LOAD build/obj/pal.o
LOAD build/obj/serial_usb.o
LOAD build/obj/spi.o
LOAD build/obj/uart.o
LOAD build/obj/usb.o
LOAD build/obj/nvic.o
LOAD build/obj/stm32_dma.o
LOAD build/obj/hal_lld.o
LOAD build/obj/st_lld.o
LOAD build/obj/can_lld.o
LOAD build/obj/pal_lld.o
LOAD build/obj/i2c_lld.o
LOAD build/obj/usb_lld.o
LOAD build/obj/spi_lld.o
LOAD build/obj/icu_lld.o
LOAD build/obj/uart_lld.o
LOAD build/obj/board.o
LOAD build/obj/chprintf.o
LOAD build/obj/syscalls.o
LOAD build/obj/main.o
LOAD build/obj/comm_usb_serial.o
LOAD build/obj/irq_handlers.o
LOAD build/obj/buffer.o
LOAD build/obj/comm_usb.o
LOAD build/obj/crc.o
LOAD build/obj/digital_filter.o
LOAD build/obj/ledpwm.o
LOAD build/obj/mcpwm.o
LOAD build/obj/servo_dec.o
LOAD build/obj/utils.o
LOAD build/obj/servo.o
LOAD build/obj/servo_simple.o
LOAD build/obj/packet.o
LOAD build/obj/terminal.o
LOAD build/obj/conf_general.o
LOAD build/obj/eeprom.o
LOAD build/obj/commands.o
LOAD build/obj/timeout.o
LOAD build/obj/comm_can.o
LOAD build/obj/ws2811.o
LOAD build/obj/led_external.o
LOAD build/obj/encoder.o
LOAD build/obj/flash_helper.o
LOAD build/obj/mc_interface.o
LOAD build/obj/mcpwm_foc.o
LOAD build/obj/hw_40.o
LOAD build/obj/hw_45.o
LOAD build/obj/hw_r2.o
LOAD build/obj/hw_46.o
LOAD build/obj/hw_48.o
LOAD build/obj/hw_49.o
LOAD build/obj/hw_410.o
LOAD build/obj/hw_victor_r1a.o
LOAD build/obj/app.o
LOAD build/obj/app_ppm.o
LOAD build/obj/app_adc.o
LOAD build/obj/app_sten.o
LOAD build/obj/app_uartcomm.o
LOAD build/obj/app_nunchuk.o
LOAD build/obj/app_example.o
LOAD build/obj/spi_sw.o
LOAD build/obj/rf.o
LOAD build/obj/rfhelp.o
LOAD build/obj/nrf_driver.o
LOAD build/obj/misc.o
LOAD build/obj/stm32f4xx_adc.o
LOAD build/obj/stm32f4xx_dma.o
LOAD build/obj/stm32f4xx_exti.o
LOAD build/obj/stm32f4xx_flash.o
LOAD build/obj/stm32f4xx_rcc.o
LOAD build/obj/stm32f4xx_syscfg.o
LOAD build/obj/stm32f4xx_tim.o
LOAD build/obj/stm32f4xx_wwdg.o
                0x0000000020000000                __ram0_start__ = ORIGIN (ram0)
                0x0000000000020000                __ram0_size__ = 0x20000
                0x0000000020020000                __ram0_end__ = (__ram0_start__ + __ram0_size__)
                0x0000000020000000                __ram1_start__ = ORIGIN (ram1)
                0x000000000001c000                __ram1_size__ = 0x1c000
                0x000000002001c000                __ram1_end__ = (__ram1_start__ + __ram1_size__)
                0x000000002001c000                __ram2_start__ = ORIGIN (ram2)
                0x0000000000004000                __ram2_size__ = 0x4000
                0x0000000020020000                __ram2_end__ = (__ram2_start__ + __ram2_size__)
                0x0000000000000000                __ram3_start__ = ORIGIN (ram3)
                0x0000000000000000                __ram3_size__ = 0x0
                0x0000000000000000                __ram3_end__ = (__ram3_start__ + __ram3_size__)
                0x0000000010000000                __ram4_start__ = ORIGIN (ram4)
                0x0000000000010000                __ram4_size__ = 0x10000
                0x0000000010010000                __ram4_end__ = (__ram4_start__ + __ram4_size__)
                0x0000000040024000                __ram5_start__ = ORIGIN (ram5)
                0x0000000000001000                __ram5_size__ = 0x1000
                0x0000000040025000                __ram5_end__ = (__ram5_start__ + __ram5_size__)
                0x0000000000000000                __ram6_start__ = ORIGIN (ram6)
                0x0000000000000000                __ram6_size__ = 0x0
                0x0000000000000000                __ram6_end__ = (__ram6_start__ + __ram6_size__)
                0x0000000000000000                __ram7_start__ = ORIGIN (ram7)
                0x0000000000000000                __ram7_size__ = 0x0
                0x0000000000000000                __ram7_end__ = (__ram7_start__ + __ram7_size__)
                0x0000000000000000                . = 0x0
                0x0000000000000000                _text = .

startup         0x0000000008000000      0x1c0
 *(.vectors)
 .vectors       0x0000000008000000      0x1c0 build/obj/vectors.o
                0x0000000008000000                _vectors

constructors    0x000000000800c000        0x0
                0x000000000800c000                PROVIDE (__init_array_start, .)
 *(SORT(.init_array.*))
 *(.init_array)
                0x000000000800c000                PROVIDE (__init_array_end, .)

destructors     0x000000000800c000        0x0
                0x000000000800c000                PROVIDE (__fini_array_start, .)
 *(.fini_array)
 *(SORT(.fini_array.*))
                0x000000000800c000                PROVIDE (__fini_array_end, .)

.text           0x000000000800c000    0x229f8
 *(.text)
 .text          0x000000000800c000      0x108 build/obj/crt0_v7m.o
                0x000000000800c000                Reset_Handler
 *fill*         0x000000000800c108        0x8 
 .text          0x000000000800c110       0x30 build/obj/chcoreasm_v7m.o
                0x000000000800c110                _port_switch
                0x000000000800c128                _port_thread_start
                0x000000000800c138                _port_switch_from_isr
                0x000000000800c13c                _port_exit_from_isr
 .text          0x000000000800c140      0x370 /usr/bin/../lib/gcc/arm-none-eabi/4.9.3/armv7e-m/fpu/libgcc.a(_arm_addsubdf3.o)
                0x000000000800c140                __aeabi_drsub
                0x000000000800c148                __aeabi_dsub
                0x000000000800c148                __subdf3
                0x000000000800c14c                __adddf3
                0x000000000800c14c                __aeabi_dadd
                0x000000000800c3c4                __aeabi_ui2d
                0x000000000800c3c4                __floatunsidf
                0x000000000800c3e4                __floatsidf
                0x000000000800c3e4                __aeabi_i2d
                0x000000000800c408                __extendsfdf2
                0x000000000800c408                __aeabi_f2d
                0x000000000800c444                __aeabi_ul2d
                0x000000000800c444                __floatundidf
                0x000000000800c454                __floatdidf
                0x000000000800c454                __aeabi_l2d
 .text          0x000000000800c4b0      0x424 /usr/bin/../lib/gcc/arm-none-eabi/4.9.3/armv7e-m/fpu/libgcc.a(_arm_muldivdf3.o)
                0x000000000800c4b0                __aeabi_dmul
                0x000000000800c4b0                __muldf3
                0x000000000800c704                __aeabi_ddiv
                0x000000000800c704                __divdf3
 *fill*         0x000000000800c8d4        0xc 
 .text          0x000000000800c8e0      0x110 /usr/bin/../lib/gcc/arm-none-eabi/4.9.3/armv7e-m/fpu/libgcc.a(_arm_cmpdf2.o)
                0x000000000800c8e0                __gtdf2
                0x000000000800c8e0                __gedf2
                0x000000000800c8e8                __ltdf2
                0x000000000800c8e8                __ledf2
                0x000000000800c8f0                __cmpdf2
                0x000000000800c8f0                __eqdf2
                0x000000000800c8f0                __nedf2
                0x000000000800c96c                __aeabi_cdrcmple
                0x000000000800c97c                __aeabi_cdcmple
                0x000000000800c97c                __aeabi_cdcmpeq
                0x000000000800c98c                __aeabi_dcmpeq
                0x000000000800c9a0                __aeabi_dcmplt
                0x000000000800c9b4                __aeabi_dcmple
                0x000000000800c9c8                __aeabi_dcmpge
                0x000000000800c9dc                __aeabi_dcmpgt
 .text          0x000000000800c9f0       0x50 /usr/bin/../lib/gcc/arm-none-eabi/4.9.3/armv7e-m/fpu/libgcc.a(_arm_fixdfsi.o)
                0x000000000800c9f0                __fixdfsi
                0x000000000800c9f0                __aeabi_d2iz
 .text          0x000000000800ca40       0xa0 /usr/bin/../lib/gcc/arm-none-eabi/4.9.3/armv7e-m/fpu/libgcc.a(_arm_truncdfsf2.o)
                0x000000000800ca40                __aeabi_d2f
                0x000000000800ca40                __truncdfsf2
 .text          0x000000000800cae0      0x134 /usr/bin/../lib/gcc/arm-none-eabi/4.9.3/../../../../arm-none-eabi/lib/armv7e-m/fpu/libg.a(lib_a-memcpy.o)
                0x000000000800cae0                memcpy
 *fill*         0x000000000800cc14        0xc 
 .text          0x000000000800cc20      0x2dc /usr/bin/../lib/gcc/arm-none-eabi/4.9.3/../../../../arm-none-eabi/lib/armv7e-m/fpu/libg.a(lib_a-strcmp.o)
                0x000000000800cc28                strcmp
 *fill*         0x000000000800cefc        0x4 
 .text          0x000000000800cf00       0x40 /usr/bin/../lib/gcc/arm-none-eabi/4.9.3/armv7e-m/fpu/libgcc.a(_arm_fixunsdfsi.o)
                0x000000000800cf00                __fixunsdfsi
                0x000000000800cf00                __aeabi_d2uiz
 .text          0x000000000800cf40       0x30 /usr/bin/../lib/gcc/arm-none-eabi/4.9.3/armv7e-m/fpu/libgcc.a(_aeabi_uldivmod.o)
                0x000000000800cf40                __aeabi_uldivmod
 .text          0x000000000800cf70       0x60 /usr/bin/../lib/gcc/arm-none-eabi/4.9.3/armv7e-m/fpu/libgcc.a(bpabi.o)
                0x000000000800cf70                __gnu_ldivmod_helper
                0x000000000800cfa0                __gnu_uldivmod_helper
 .text          0x000000000800cfd0        0x4 /usr/bin/../lib/gcc/arm-none-eabi/4.9.3/armv7e-m/fpu/libgcc.a(_dvmd_tls.o)
                0x000000000800cfd0                __aeabi_ldiv0
                0x000000000800cfd0                __aeabi_idiv0
 *fill*         0x000000000800cfd4        0xc 
 .text          0x000000000800cfe0      0x29c /usr/bin/../lib/gcc/arm-none-eabi/4.9.3/armv7e-m/fpu/libgcc.a(_divdi3.o)
                0x000000000800cfe0                __divdi3
 *fill*         0x000000000800d27c        0x4 
 .text          0x000000000800d280      0x26c /usr/bin/../lib/gcc/arm-none-eabi/4.9.3/armv7e-m/fpu/libgcc.a(_udivdi3.o)
                0x000000000800d280                __udivdi3
 *(.text.*)
 *fill*         0x000000000800d4ec        0x4 
 .text.__core_init
                0x000000000800d4f0        0x4 build/obj/crt1.o
                0x000000000800d4f0                __core_init
 *fill*         0x000000000800d4f4        0xc 
 .text.__late_init
                0x000000000800d500        0x4 build/obj/crt1.o
                0x000000000800d500                __late_init
 *fill*         0x000000000800d504        0xc 
 .text.__default_exit
                0x000000000800d510        0x4 build/obj/crt1.o
                0x000000000800d510                __default_exit
 *fill*         0x000000000800d514        0xc 
 .text._unhandled_exception
                0x000000000800d520        0x4 build/obj/vectors.o
                0x000000000800d520                Vector58
                0x000000000800d520                VectorE8
                0x000000000800d520                Vector9C
                0x000000000800d520                VectorAC
                0x000000000800d520                DebugMon_Handler
                0x000000000800d520                Vector1A0
                0x000000000800d520                Vector5C
                0x000000000800d520                Vector11C
                0x000000000800d520                HardFault_Handler
                0x000000000800d520                Vector1B8
                0x000000000800d520                Vector19C
                0x000000000800d520                PendSV_Handler
                0x000000000800d520                Vector168
                0x000000000800d520                NMI_Handler
                0x000000000800d520                Vector110
                0x000000000800d520                VectorA8
                0x000000000800d520                Vector160
                0x000000000800d520                Vector1B0
                0x000000000800d520                UsageFault_Handler
                0x000000000800d520                VectorEC
                0x000000000800d520                Vector40
                0x000000000800d520                VectorF8
                0x000000000800d520                Vector108
                0x000000000800d520                VectorBC
                0x000000000800d520                Vector190
                0x000000000800d520                Vector148
                0x000000000800d520                Vector188
                0x000000000800d520                Vector198
                0x000000000800d520                Vector118
                0x000000000800d520                Vector64
                0x000000000800d520                VectorCC
                0x000000000800d520                Vector54
                0x000000000800d520                VectorD8
                0x000000000800d520                Vector138
                0x000000000800d520                Vector24
                0x000000000800d520                Vector1AC
                0x000000000800d520                Vector178
                0x000000000800d520                Vector1A4
                0x000000000800d520                VectorD0
                0x000000000800d520                Vector1B4
                0x000000000800d520                Vector140
                0x000000000800d520                VectorE4
                0x000000000800d520                VectorC0
                0x000000000800d520                Vector134
                0x000000000800d520                VectorF0
                0x000000000800d520                Vector13C
                0x000000000800d520                Vector100
                0x000000000800d520                VectorF4
                0x000000000800d520                MemManage_Handler
                0x000000000800d520                VectorA0
                0x000000000800d520                Vector180
                0x000000000800d520                VectorB0
                0x000000000800d520                Vector114
                0x000000000800d520                Vector164
                0x000000000800d520                Vector60
                0x000000000800d520                Vector1C
                0x000000000800d520                Vector1BC
                0x000000000800d520                Vector17C
                0x000000000800d520                Vector48
                0x000000000800d520                Vector1A8
                0x000000000800d520                Vector16C
                0x000000000800d520                VectorD4
                0x000000000800d520                Vector4C
                0x000000000800d520                Vector144
                0x000000000800d520                Vector68
                0x000000000800d520                _unhandled_exception
                0x000000000800d520                Vector170
                0x000000000800d520                Vector104
                0x000000000800d520                Vector184
                0x000000000800d520                Vector10C
                0x000000000800d520                BusFault_Handler
                0x000000000800d520                Vector50
                0x000000000800d520                Vector194
                0x000000000800d520                Vector44
                0x000000000800d520                Vector28
                0x000000000800d520                Vector34
                0x000000000800d520                VectorA4
                0x000000000800d520                Vector20
                0x000000000800d520                Vector18C
                0x000000000800d520                Vector174
 *fill*         0x000000000800d524        0xc 
 .text._idle_thread
                0x000000000800d530        0x4 build/obj/chsys.o
 *fill*         0x000000000800d534        0xc 
 .text.chSysInit
                0x000000000800d540       0xa4 build/obj/chsys.o
                0x000000000800d540                chSysInit
 *fill*         0x000000000800d5e4        0xc 
 .text.chSysHalt
                0x000000000800d5f0        0xc build/obj/chsys.o
                0x000000000800d5f0                chSysHalt
 *fill*         0x000000000800d5fc        0x4 
 .text.chSysTimerHandlerI
                0x000000000800d600       0x58 build/obj/chsys.o
                0x000000000800d600                chSysTimerHandlerI
 *fill*         0x000000000800d658        0x8 
 .text.chSysPolledDelayX
                0x000000000800d660       0x14 build/obj/chsys.o
                0x000000000800d660                chSysPolledDelayX
 *fill*         0x000000000800d674        0xc 
 .text._vt_init
                0x000000000800d680       0x1c build/obj/chvt.o
                0x000000000800d680                _vt_init
 *fill*         0x000000000800d69c        0x4 
 .text.chVTDoSetI
                0x000000000800d6a0       0x3c build/obj/chvt.o
                0x000000000800d6a0                chVTDoSetI
 *fill*         0x000000000800d6dc        0x4 
 .text.chVTDoResetI
                0x000000000800d6e0       0x28 build/obj/chvt.o
                0x000000000800d6e0                chVTDoResetI
 *fill*         0x000000000800d708        0x8 
 .text.wakeup   0x000000000800d710       0x70 build/obj/chschd.o
 .text._scheduler_init
                0x000000000800d780       0x14 build/obj/chschd.o
                0x000000000800d780                _scheduler_init
 *fill*         0x000000000800d794        0xc 
 .text.chSchReadyI
                0x000000000800d7a0       0x2c build/obj/chschd.o
                0x000000000800d7a0                chSchReadyI
 *fill*         0x000000000800d7cc        0x4 
 .text.chSchGoSleepS
                0x000000000800d7d0       0x28 build/obj/chschd.o
                0x000000000800d7d0                chSchGoSleepS
 *fill*         0x000000000800d7f8        0x8 
 .text.chSchGoSleepTimeoutS
                0x000000000800d800       0x44 build/obj/chschd.o
                0x000000000800d800                chSchGoSleepTimeoutS
 *fill*         0x000000000800d844        0xc 
 .text.chSchWakeupS
                0x000000000800d850       0x58 build/obj/chschd.o
                0x000000000800d850                chSchWakeupS
 *fill*         0x000000000800d8a8        0x8 
 .text.chSchIsPreemptionRequired
                0x000000000800d8b0       0x28 build/obj/chschd.o
                0x000000000800d8b0                chSchIsPreemptionRequired
 *fill*         0x000000000800d8d8        0x8 
 .text.chSchDoRescheduleBehind
                0x000000000800d8e0       0x40 build/obj/chschd.o
                0x000000000800d8e0                chSchDoRescheduleBehind
 .text.chSchDoRescheduleAhead
                0x000000000800d920       0x3c build/obj/chschd.o
                0x000000000800d920                chSchDoRescheduleAhead
 *fill*         0x000000000800d95c        0x4 
 .text.chSchRescheduleS
                0x000000000800d960       0x18 build/obj/chschd.o
                0x000000000800d960                chSchRescheduleS
 *fill*         0x000000000800d978        0x8 
 .text.chSchDoReschedule
                0x000000000800d980       0x14 build/obj/chschd.o
                0x000000000800d980                chSchDoReschedule
 *fill*         0x000000000800d994        0xc 
 .text._thread_init
                0x000000000800d9a0       0x50 build/obj/chthreads.o
                0x000000000800d9a0                _thread_init
 .text.chThdCreateI
                0x000000000800d9f0       0x70 build/obj/chthreads.o
                0x000000000800d9f0                chThdCreateI
 .text.chThdCreateStatic
                0x000000000800da60       0x80 build/obj/chthreads.o
                0x000000000800da60                chThdCreateStatic
 .text.chThdSleep
                0x000000000800dae0       0x18 build/obj/chthreads.o
                0x000000000800dae0                chThdSleep
 *fill*         0x000000000800daf8        0x8 
 .text.chThdExitS
                0x000000000800db00       0x40 build/obj/chthreads.o
                0x000000000800db00                chThdExitS
 .text.chThdExit
                0x000000000800db40        0xc build/obj/chthreads.o
                0x000000000800db40                chThdExit
 *fill*         0x000000000800db4c        0x4 
 .text.chThdSuspendS
                0x000000000800db50       0x1c build/obj/chthreads.o
                0x000000000800db50                chThdSuspendS
 *fill*         0x000000000800db6c        0x4 
 .text.chThdSuspendTimeoutS
                0x000000000800db70       0x1c build/obj/chthreads.o
                0x000000000800db70                chThdSuspendTimeoutS
 *fill*         0x000000000800db8c        0x4 
 .text.chThdResumeI
                0x000000000800db90       0x14 build/obj/chthreads.o
                0x000000000800db90                chThdResumeI
 *fill*         0x000000000800dba4        0xc 
 .text.chThdEnqueueTimeoutS
                0x000000000800dbb0       0x28 build/obj/chthreads.o
                0x000000000800dbb0                chThdEnqueueTimeoutS
 *fill*         0x000000000800dbd8        0x8 
 .text.chThdDequeueAllI
                0x000000000800dbe0       0x24 build/obj/chthreads.o
                0x000000000800dbe0                chThdDequeueAllI
 *fill*         0x000000000800dc04        0xc 
 .text.chTMStartMeasurementX
                0x000000000800dc10        0xc build/obj/chtm.o
                0x000000000800dc10                chTMStartMeasurementX
 *fill*         0x000000000800dc1c        0x4 
 .text.chTMStopMeasurementX
                0x000000000800dc20       0x48 build/obj/chtm.o
                0x000000000800dc20                chTMStopMeasurementX
 *fill*         0x000000000800dc68        0x8 
 .text._tm_init
                0x000000000800dc70       0x38 build/obj/chtm.o
                0x000000000800dc70                _tm_init
 *fill*         0x000000000800dca8        0x8 
 .text.chThdRelease
                0x000000000800dcb0       0x50 build/obj/chdynamic.o
                0x000000000800dcb0                chThdRelease
 .text.chRegFirstThread
                0x000000000800dd00       0x1c build/obj/chregistry.o
                0x000000000800dd00                chRegFirstThread
 *fill*         0x000000000800dd1c        0x4 
 .text.chRegNextThread
                0x000000000800dd20       0x2c build/obj/chregistry.o
                0x000000000800dd20                chRegNextThread
 *fill*         0x000000000800dd4c        0x4 
 .text.chMtxObjectInit
                0x000000000800dd50        0xc build/obj/chmtx.o
                0x000000000800dd50                chMtxObjectInit
 *fill*         0x000000000800dd5c        0x4 
 .text.chMtxLockS
                0x000000000800dd60       0xc8 build/obj/chmtx.o
                0x000000000800dd60                chMtxLockS
 *fill*         0x000000000800de28        0x8 
 .text.chMtxLock
                0x000000000800de30       0x14 build/obj/chmtx.o
                0x000000000800de30                chMtxLock
 *fill*         0x000000000800de44        0xc 
 .text.chMtxUnlock
                0x000000000800de50       0x64 build/obj/chmtx.o
                0x000000000800de50                chMtxUnlock
 *fill*         0x000000000800deb4        0xc 
 .text.chEvtRegisterMaskWithFlags
                0x000000000800dec0       0x28 build/obj/chevents.o
                0x000000000800dec0                chEvtRegisterMaskWithFlags
 *fill*         0x000000000800dee8        0x8 
 .text.chEvtUnregister
                0x000000000800def0       0x2c build/obj/chevents.o
                0x000000000800def0                chEvtUnregister
 *fill*         0x000000000800df1c        0x4 
 .text.chEvtSignalI
                0x000000000800df20       0x2c build/obj/chevents.o
                0x000000000800df20                chEvtSignalI
 *fill*         0x000000000800df4c        0x4 
 .text.chEvtBroadcastFlagsI
                0x000000000800df50       0x2c build/obj/chevents.o
                0x000000000800df50                chEvtBroadcastFlagsI
 *fill*         0x000000000800df7c        0x4 
 .text.chEvtSignal
                0x000000000800df80       0x18 build/obj/chevents.o
                0x000000000800df80                chEvtSignal
 *fill*         0x000000000800df98        0x8 
 .text.chEvtWaitAny
                0x000000000800dfa0       0x38 build/obj/chevents.o
                0x000000000800dfa0                chEvtWaitAny
 *fill*         0x000000000800dfd8        0x8 
 .text.chEvtWaitAnyTimeout
                0x000000000800dfe0       0x50 build/obj/chevents.o
                0x000000000800dfe0                chEvtWaitAnyTimeout
 .text.chIQObjectInit
                0x000000000800e030       0x20 build/obj/chqueues.o
                0x000000000800e030                chIQObjectInit
 .text.chIQResetI
                0x000000000800e050       0x14 build/obj/chqueues.o
                0x000000000800e050                chIQResetI
 *fill*         0x000000000800e064        0xc 
 .text.chIQGetTimeout
                0x000000000800e070       0x50 build/obj/chqueues.o
                0x000000000800e070                chIQGetTimeout
 .text.chIQReadTimeout
                0x000000000800e0c0       0x78 build/obj/chqueues.o
                0x000000000800e0c0                chIQReadTimeout
 *fill*         0x000000000800e138        0x8 
 .text.chOQObjectInit
                0x000000000800e140       0x1c build/obj/chqueues.o
                0x000000000800e140                chOQObjectInit
 *fill*         0x000000000800e15c        0x4 
 .text.chOQResetI
                0x000000000800e160       0x1c build/obj/chqueues.o
                0x000000000800e160                chOQResetI
 *fill*         0x000000000800e17c        0x4 
 .text.chOQPutTimeout
                0x000000000800e180       0x54 build/obj/chqueues.o
                0x000000000800e180                chOQPutTimeout
 *fill*         0x000000000800e1d4        0xc 
 .text.chOQWriteTimeout
                0x000000000800e1e0       0x84 build/obj/chqueues.o
                0x000000000800e1e0                chOQWriteTimeout
 *fill*         0x000000000800e264        0xc 
 .text._core_init
                0x000000000800e270       0x28 build/obj/chmemcore.o
                0x000000000800e270                _core_init
 *fill*         0x000000000800e298        0x8 
 .text.chCoreAlloc
                0x000000000800e2a0       0x38 build/obj/chmemcore.o
                0x000000000800e2a0                chCoreAlloc
 *fill*         0x000000000800e2d8        0x8 
 .text.chCoreGetStatusX
                0x000000000800e2e0       0x14 build/obj/chmemcore.o
                0x000000000800e2e0                chCoreGetStatusX
 *fill*         0x000000000800e2f4        0xc 
 .text._heap_init
                0x000000000800e300       0x1c build/obj/chheap.o
                0x000000000800e300                _heap_init
 *fill*         0x000000000800e31c        0x4 
 .text.chHeapFree
                0x000000000800e320       0x94 build/obj/chheap.o
                0x000000000800e320                chHeapFree
 *fill*         0x000000000800e3b4        0xc 
 .text.chHeapStatus
                0x000000000800e3c0       0x44 build/obj/chheap.o
                0x000000000800e3c0                chHeapStatus
 *fill*         0x000000000800e404        0xc 
 .text.chPoolFree
                0x000000000800e410       0x14 build/obj/chmempools.o
                0x000000000800e410                chPoolFree
 *fill*         0x000000000800e424        0xc 
 .text.SVC_Handler
                0x000000000800e430       0x20 build/obj/chcore_v7m.o
                0x000000000800e430                SVC_Handler
 .text._port_irq_epilogue
                0x000000000800e450       0x60 build/obj/chcore_v7m.o
                0x000000000800e450                _port_irq_epilogue
 .text.halInit  0x000000000800e4b0       0x38 build/obj/hal.o
                0x000000000800e4b0                halInit
 *fill*         0x000000000800e4e8        0x8 
 .text.stInit   0x000000000800e4f0        0x4 build/obj/st.o
                0x000000000800e4f0                stInit
 *fill*         0x000000000800e4f4        0xc 
 .text.canInit  0x000000000800e500        0x4 build/obj/can.o
                0x000000000800e500                canInit
 *fill*         0x000000000800e504        0xc 
 .text.canObjectInit
                0x000000000800e510       0x44 build/obj/can.o
                0x000000000800e510                canObjectInit
 *fill*         0x000000000800e554        0xc 
 .text.canStart
                0x000000000800e560       0x20 build/obj/can.o
                0x000000000800e560                canStart
 .text.canTransmit
                0x000000000800e580       0x50 build/obj/can.o
                0x000000000800e580                canTransmit
 .text.canReceive
                0x000000000800e5d0       0x50 build/obj/can.o
                0x000000000800e5d0                canReceive
 .text.i2cInit  0x000000000800e620        0x4 build/obj/i2c.o
                0x000000000800e620                i2cInit
 *fill*         0x000000000800e624        0xc 
 .text.i2cObjectInit
                0x000000000800e630       0x10 build/obj/i2c.o
                0x000000000800e630                i2cObjectInit
 .text.i2cStart
                0x000000000800e640       0x1c build/obj/i2c.o
                0x000000000800e640                i2cStart
 *fill*         0x000000000800e65c        0x4 
 .text.i2cStop  0x000000000800e660       0x1c build/obj/i2c.o
                0x000000000800e660                i2cStop
 *fill*         0x000000000800e67c        0x4 
 .text.i2cMasterTransmitTimeout
                0x000000000800e680       0x40 build/obj/i2c.o
                0x000000000800e680                i2cMasterTransmitTimeout
 .text.i2cMasterReceiveTimeout
                0x000000000800e6c0       0x30 build/obj/i2c.o
                0x000000000800e6c0                i2cMasterReceiveTimeout
 .text.i2cAcquireBus
                0x000000000800e6f0        0x8 build/obj/i2c.o
                0x000000000800e6f0                i2cAcquireBus
 *fill*         0x000000000800e6f8        0x8 
 .text.i2cReleaseBus
                0x000000000800e700        0x8 build/obj/i2c.o
                0x000000000800e700                i2cReleaseBus
 *fill*         0x000000000800e708        0x8 
 .text.icuInit  0x000000000800e710        0x4 build/obj/icu.o
                0x000000000800e710                icuInit
 *fill*         0x000000000800e714        0xc 
 .text.icuObjectInit
                0x000000000800e720        0xc build/obj/icu.o
                0x000000000800e720                icuObjectInit
 *fill*         0x000000000800e72c        0x4 
 .text.icuStart
                0x000000000800e730       0x1c build/obj/icu.o
                0x000000000800e730                icuStart
 *fill*         0x000000000800e74c        0x4 
 .text.icuStartCapture
                0x000000000800e750       0x1c build/obj/icu.o
                0x000000000800e750                icuStartCapture
 *fill*         0x000000000800e76c        0x4 
 .text.icuEnableNotifications
                0x000000000800e770       0x14 build/obj/icu.o
                0x000000000800e770                icuEnableNotifications
 *fill*         0x000000000800e784        0xc 
 .text.onotify  0x000000000800e790       0x5c build/obj/serial_usb.o
 *fill*         0x000000000800e7ec        0x4 
 .text.inotify  0x000000000800e7f0       0x6c build/obj/serial_usb.o
 *fill*         0x000000000800e85c        0x4 
 .text.readt    0x000000000800e860        0x8 build/obj/serial_usb.o
 *fill*         0x000000000800e868        0x8 
 .text.read     0x000000000800e870        0xc build/obj/serial_usb.o
 *fill*         0x000000000800e87c        0x4 
 .text.writet   0x000000000800e880        0x8 build/obj/serial_usb.o
 *fill*         0x000000000800e888        0x8 
 .text.write    0x000000000800e890        0xc build/obj/serial_usb.o
 *fill*         0x000000000800e89c        0x4 
 .text.gett     0x000000000800e8a0        0x8 build/obj/serial_usb.o
 *fill*         0x000000000800e8a8        0x8 
 .text.get      0x000000000800e8b0        0xc build/obj/serial_usb.o
 *fill*         0x000000000800e8bc        0x4 
 .text.putt     0x000000000800e8c0        0x8 build/obj/serial_usb.o
 *fill*         0x000000000800e8c8        0x8 
 .text.put      0x000000000800e8d0        0xc build/obj/serial_usb.o
 *fill*         0x000000000800e8dc        0x4 
 .text.sduInit  0x000000000800e8e0        0x4 build/obj/serial_usb.o
                0x000000000800e8e0                sduInit
 *fill*         0x000000000800e8e4        0xc 
 .text.sduObjectInit
                0x000000000800e8f0       0x4c build/obj/serial_usb.o
                0x000000000800e8f0                sduObjectInit
 *fill*         0x000000000800e93c        0x4 
 .text.sduStart
                0x000000000800e940       0x34 build/obj/serial_usb.o
                0x000000000800e940                sduStart
 *fill*         0x000000000800e974        0xc 
 .text.sduConfigureHookI
                0x000000000800e980       0x4c build/obj/serial_usb.o
                0x000000000800e980                sduConfigureHookI
 *fill*         0x000000000800e9cc        0x4 
 .text.sduRequestsHook
                0x000000000800e9d0       0x40 build/obj/serial_usb.o
                0x000000000800e9d0                sduRequestsHook
 .text.sduDataTransmitted
                0x000000000800ea10       0x6c build/obj/serial_usb.o
                0x000000000800ea10                sduDataTransmitted
 *fill*         0x000000000800ea7c        0x4 
 .text.sduDataReceived
                0x000000000800ea80       0x6c build/obj/serial_usb.o
                0x000000000800ea80                sduDataReceived
 *fill*         0x000000000800eaec        0x4 
 .text.sduInterruptTransmitted
                0x000000000800eaf0        0x4 build/obj/serial_usb.o
                0x000000000800eaf0                sduInterruptTransmitted
 *fill*         0x000000000800eaf4        0xc 
 .text.spiInit  0x000000000800eb00        0x4 build/obj/spi.o
                0x000000000800eb00                spiInit
 *fill*         0x000000000800eb04        0xc 
 .text.spiObjectInit
                0x000000000800eb10       0x10 build/obj/spi.o
                0x000000000800eb10                spiObjectInit
 .text.uartInit
                0x000000000800eb20        0x4 build/obj/uart.o
                0x000000000800eb20                uartInit
 *fill*         0x000000000800eb24        0xc 
 .text.uartObjectInit
                0x000000000800eb30       0x10 build/obj/uart.o
                0x000000000800eb30                uartObjectInit
 .text.uartStart
                0x000000000800eb40       0x1c build/obj/uart.o
                0x000000000800eb40                uartStart
 *fill*         0x000000000800eb5c        0x4 
 .text.uartStop
                0x000000000800eb60       0x20 build/obj/uart.o
                0x000000000800eb60                uartStop
 .text.uartStartSend
                0x000000000800eb80       0x1c build/obj/uart.o
                0x000000000800eb80                uartStartSend
 *fill*         0x000000000800eb9c        0x4 
 .text.usbInit  0x000000000800eba0        0x4 build/obj/usb.o
                0x000000000800eba0                usbInit
 *fill*         0x000000000800eba4        0xc 
 .text.usbObjectInit
                0x000000000800ebb0       0x1c build/obj/usb.o
                0x000000000800ebb0                usbObjectInit
 *fill*         0x000000000800ebcc        0x4 
 .text.usbStart
                0x000000000800ebd0       0x24 build/obj/usb.o
                0x000000000800ebd0                usbStart
 *fill*         0x000000000800ebf4        0xc 
 .text.usbStop  0x000000000800ec00       0x1c build/obj/usb.o
                0x000000000800ec00                usbStop
 *fill*         0x000000000800ec1c        0x4 
 .text.usbInitEndpointI
                0x000000000800ec20       0x34 build/obj/usb.o
                0x000000000800ec20                usbInitEndpointI
 *fill*         0x000000000800ec54        0xc 
 .text.usbPrepareQueuedReceive
                0x000000000800ec60       0x1c build/obj/usb.o
                0x000000000800ec60                usbPrepareQueuedReceive
 *fill*         0x000000000800ec7c        0x4 
 .text.usbPrepareQueuedTransmit
                0x000000000800ec80       0x1c build/obj/usb.o
                0x000000000800ec80                usbPrepareQueuedTransmit
 *fill*         0x000000000800ec9c        0x4 
 .text.usbStartReceiveI
                0x000000000800eca0       0x24 build/obj/usb.o
                0x000000000800eca0                usbStartReceiveI
 *fill*         0x000000000800ecc4        0xc 
 .text.usbStartTransmitI
                0x000000000800ecd0       0x24 build/obj/usb.o
                0x000000000800ecd0                usbStartTransmitI
 *fill*         0x000000000800ecf4        0xc 
 .text._usb_reset
                0x000000000800ed00       0x28 build/obj/usb.o
                0x000000000800ed00                _usb_reset
 *fill*         0x000000000800ed28        0x8 
 .text._usb_ep0setup
                0x000000000800ed30      0x34c build/obj/usb.o
                0x000000000800ed30                _usb_ep0setup
 *fill*         0x000000000800f07c        0x4 
 .text._usb_ep0in
                0x000000000800f080       0xc4 build/obj/usb.o
                0x000000000800f080                _usb_ep0in
 *fill*         0x000000000800f144        0xc 
 .text._usb_ep0out
                0x000000000800f150       0x88 build/obj/usb.o
                0x000000000800f150                _usb_ep0out
 *fill*         0x000000000800f1d8        0x8 
 .text.nvicEnableVector
                0x000000000800f1e0       0x34 build/obj/nvic.o
                0x000000000800f1e0                nvicEnableVector
 *fill*         0x000000000800f214        0xc 
 .text.nvicDisableVector
                0x000000000800f220       0x28 build/obj/nvic.o
                0x000000000800f220                nvicDisableVector
 *fill*         0x000000000800f248        0x8 
 .text.nvicSetSystemHandlerPriority
                0x000000000800f250       0x10 build/obj/nvic.o
                0x000000000800f250                nvicSetSystemHandlerPriority
 .text.Vector6C
                0x000000000800f260       0x28 build/obj/stm32_dma.o
                0x000000000800f260                Vector6C
 *fill*         0x000000000800f288        0x8 
 .text.Vector70
                0x000000000800f290       0x2c build/obj/stm32_dma.o
                0x000000000800f290                Vector70
 *fill*         0x000000000800f2bc        0x4 
 .text.Vector74
                0x000000000800f2c0       0x2c build/obj/stm32_dma.o
                0x000000000800f2c0                Vector74
 *fill*         0x000000000800f2ec        0x4 
 .text.Vector78
                0x000000000800f2f0       0x2c build/obj/stm32_dma.o
                0x000000000800f2f0                Vector78
 *fill*         0x000000000800f31c        0x4 
 .text.Vector7C
                0x000000000800f320       0x28 build/obj/stm32_dma.o
                0x000000000800f320                Vector7C
 *fill*         0x000000000800f348        0x8 
 .text.Vector80
                0x000000000800f350       0x2c build/obj/stm32_dma.o
                0x000000000800f350                Vector80
 *fill*         0x000000000800f37c        0x4 
 .text.Vector84
                0x000000000800f380       0x2c build/obj/stm32_dma.o
                0x000000000800f380                Vector84
 *fill*         0x000000000800f3ac        0x4 
 .text.VectorFC
                0x000000000800f3b0       0x2c build/obj/stm32_dma.o
                0x000000000800f3b0                VectorFC
 *fill*         0x000000000800f3dc        0x4 
 .text.Vector120
                0x000000000800f3e0       0x28 build/obj/stm32_dma.o
                0x000000000800f3e0                Vector120
 *fill*         0x000000000800f408        0x8 
 .text.Vector124
                0x000000000800f410       0x2c build/obj/stm32_dma.o
                0x000000000800f410                Vector124
 *fill*         0x000000000800f43c        0x4 
 .text.Vector128
                0x000000000800f440       0x2c build/obj/stm32_dma.o
                0x000000000800f440                Vector128
 *fill*         0x000000000800f46c        0x4 
 .text.Vector12C
                0x000000000800f470       0x2c build/obj/stm32_dma.o
                0x000000000800f470                Vector12C
 *fill*         0x000000000800f49c        0x4 
 .text.Vector130
                0x000000000800f4a0       0x28 build/obj/stm32_dma.o
                0x000000000800f4a0                Vector130
 *fill*         0x000000000800f4c8        0x8 
 .text.Vector150
                0x000000000800f4d0       0x2c build/obj/stm32_dma.o
                0x000000000800f4d0                Vector150
 *fill*         0x000000000800f4fc        0x4 
 .text.Vector154
                0x000000000800f500       0x2c build/obj/stm32_dma.o
                0x000000000800f500                Vector154
 *fill*         0x000000000800f52c        0x4 
 .text.Vector158
                0x000000000800f530       0x2c build/obj/stm32_dma.o
                0x000000000800f530                Vector158
 *fill*         0x000000000800f55c        0x4 
 .text.dmaInit  0x000000000800f560       0x4c build/obj/stm32_dma.o
                0x000000000800f560                dmaInit
 *fill*         0x000000000800f5ac        0x4 
 .text.dmaStreamAllocate
                0x000000000800f5b0       0x8c build/obj/stm32_dma.o
                0x000000000800f5b0                dmaStreamAllocate
 *fill*         0x000000000800f63c        0x4 
 .text.dmaStreamRelease
                0x000000000800f640       0x44 build/obj/stm32_dma.o
                0x000000000800f640                dmaStreamRelease
 *fill*         0x000000000800f684        0xc 
 .text.hal_lld_init
                0x000000000800f690       0x68 build/obj/hal_lld.o
                0x000000000800f690                hal_lld_init
 *fill*         0x000000000800f6f8        0x8 
 .text.stm32_clock_init
                0x000000000800f700       0xc8 build/obj/hal_lld.o
                0x000000000800f700                stm32_clock_init
 *fill*         0x000000000800f7c8        0x8 
 .text.SysTick_Handler
                0x000000000800f7d0       0x1c build/obj/st_lld.o
                0x000000000800f7d0                SysTick_Handler
 *fill*         0x000000000800f7ec        0x4 
 .text.st_lld_init
                0x000000000800f7f0       0x1c build/obj/st_lld.o
                0x000000000800f7f0                st_lld_init
 *fill*         0x000000000800f80c        0x4 
 .text.can_lld_set_filters
                0x000000000800f810      0x118 build/obj/can_lld.o
 *fill*         0x000000000800f928        0x8 
 .text.Vector8C
                0x000000000800f930       0x3c build/obj/can_lld.o
                0x000000000800f930                Vector8C
 *fill*         0x000000000800f96c        0x4 
 .text.Vector90
                0x000000000800f970       0x64 build/obj/can_lld.o
                0x000000000800f970                Vector90
 *fill*         0x000000000800f9d4        0xc 
 .text.Vector94
                0x000000000800f9e0       0x64 build/obj/can_lld.o
                0x000000000800f9e0                Vector94
 *fill*         0x000000000800fa44        0xc 
 .text.Vector98
                0x000000000800fa50       0x78 build/obj/can_lld.o
                0x000000000800fa50                Vector98
 *fill*         0x000000000800fac8        0x8 
 .text.can_lld_init
                0x000000000800fad0       0x24 build/obj/can_lld.o
                0x000000000800fad0                can_lld_init
 *fill*         0x000000000800faf4        0xc 
 .text.can_lld_start
                0x000000000800fb00       0x70 build/obj/can_lld.o
                0x000000000800fb00                can_lld_start
 .text.can_lld_is_tx_empty
                0x000000000800fb70       0x40 build/obj/can_lld.o
                0x000000000800fb70                can_lld_is_tx_empty
 .text.can_lld_transmit
                0x000000000800fbb0       0x78 build/obj/can_lld.o
                0x000000000800fbb0                can_lld_transmit
 *fill*         0x000000000800fc28        0x8 
 .text.can_lld_is_rx_nonempty
                0x000000000800fc30       0x38 build/obj/can_lld.o
                0x000000000800fc30                can_lld_is_rx_nonempty
 *fill*         0x000000000800fc68        0x8 
 .text.can_lld_receive
                0x000000000800fc70       0xc8 build/obj/can_lld.o
                0x000000000800fc70                can_lld_receive
 *fill*         0x000000000800fd38        0x8 
 .text._pal_lld_init
                0x000000000800fd40      0x1cc build/obj/pal_lld.o
                0x000000000800fd40                _pal_lld_init
 *fill*         0x000000000800ff0c        0x4 
 .text._pal_lld_setgroupmode
                0x000000000800ff10       0xac build/obj/pal_lld.o
                0x000000000800ff10                _pal_lld_setgroupmode
 *fill*         0x000000000800ffbc        0x4 
 .text.i2c_lld_serve_tx_end_irq
                0x000000000800ffc0       0x40 build/obj/i2c_lld.o
 .text.i2c_lld_serve_rx_end_irq
                0x0000000008010000       0x64 build/obj/i2c_lld.o
 *fill*         0x0000000008010064        0xc 
 .text.VectorC4
                0x0000000008010070       0xf8 build/obj/i2c_lld.o
                0x0000000008010070                VectorC4
 *fill*         0x0000000008010168        0x8 
 .text.VectorC8
                0x0000000008010170       0xdc build/obj/i2c_lld.o
                0x0000000008010170                VectorC8
 *fill*         0x000000000801024c        0x4 
 .text.i2c_lld_init
                0x0000000008010250       0x2c build/obj/i2c_lld.o
                0x0000000008010250                i2c_lld_init
 *fill*         0x000000000801027c        0x4 
 .text.i2c_lld_start
                0x0000000008010280      0x180 build/obj/i2c_lld.o
                0x0000000008010280                i2c_lld_start
 .text.i2c_lld_stop
                0x0000000008010400       0x88 build/obj/i2c_lld.o
                0x0000000008010400                i2c_lld_stop
 *fill*         0x0000000008010488        0x8 
 .text.i2c_lld_master_receive_timeout
                0x0000000008010490       0x74 build/obj/i2c_lld.o
                0x0000000008010490                i2c_lld_master_receive_timeout
 *fill*         0x0000000008010504        0xc 
 .text.i2c_lld_master_transmit_timeout
                0x0000000008010510       0x90 build/obj/i2c_lld.o
                0x0000000008010510                i2c_lld_master_transmit_timeout
 .text.usb_lld_pump
                0x00000000080105a0      0x328 build/obj/usb_lld.o
                0x00000000080105a0                usb_lld_pump
 *fill*         0x00000000080108c8        0x8 
 .text.otg_disable_ep.isra.0
                0x00000000080108d0       0x74 build/obj/usb_lld.o
 *fill*         0x0000000008010944        0xc 
 .text.usb_lld_init
                0x0000000008010950       0x24 build/obj/usb_lld.o
                0x0000000008010950                usb_lld_init
 *fill*         0x0000000008010974        0xc 
 .text.usb_lld_start
                0x0000000008010980       0xe8 build/obj/usb_lld.o
                0x0000000008010980                usb_lld_start
 *fill*         0x0000000008010a68        0x8 
 .text.usb_lld_stop
                0x0000000008010a70       0x44 build/obj/usb_lld.o
                0x0000000008010a70                usb_lld_stop
 *fill*         0x0000000008010ab4        0xc 
 .text.usb_lld_reset
                0x0000000008010ac0       0xc4 build/obj/usb_lld.o
                0x0000000008010ac0                usb_lld_reset
 *fill*         0x0000000008010b84        0xc 
 .text.usb_lld_set_address
                0x0000000008010b90       0x18 build/obj/usb_lld.o
                0x0000000008010b90                usb_lld_set_address
 *fill*         0x0000000008010ba8        0x8 
 .text.usb_lld_init_endpoint
                0x0000000008010bb0      0x160 build/obj/usb_lld.o
                0x0000000008010bb0                usb_lld_init_endpoint
 .text.usb_lld_get_status_out
                0x0000000008010d10       0x1c build/obj/usb_lld.o
                0x0000000008010d10                usb_lld_get_status_out
 *fill*         0x0000000008010d2c        0x4 
 .text.usb_lld_get_status_in
                0x0000000008010d30       0x1c build/obj/usb_lld.o
                0x0000000008010d30                usb_lld_get_status_in
 *fill*         0x0000000008010d4c        0x4 
 .text.usb_lld_read_setup
                0x0000000008010d50       0x14 build/obj/usb_lld.o
                0x0000000008010d50                usb_lld_read_setup
 *fill*         0x0000000008010d64        0xc 
 .text.usb_lld_prepare_receive
                0x0000000008010d70       0x44 build/obj/usb_lld.o
                0x0000000008010d70                usb_lld_prepare_receive
 *fill*         0x0000000008010db4        0xc 
 .text.otg_epout_handler.constprop.7
                0x0000000008010dc0       0xa4 build/obj/usb_lld.o
 *fill*         0x0000000008010e64        0xc 
 .text.usb_lld_prepare_transmit
                0x0000000008010e70       0x50 build/obj/usb_lld.o
                0x0000000008010e70                usb_lld_prepare_transmit
 .text.otg_epin_handler.constprop.8
                0x0000000008010ec0       0xd0 build/obj/usb_lld.o
 .text.Vector14C
                0x0000000008010f90       0xf4 build/obj/usb_lld.o
                0x0000000008010f90                Vector14C
 *fill*         0x0000000008011084        0xc 
 .text.usb_lld_start_out
                0x0000000008011090       0x14 build/obj/usb_lld.o
                0x0000000008011090                usb_lld_start_out
 *fill*         0x00000000080110a4        0xc 
 .text.usb_lld_start_in
                0x00000000080110b0       0x28 build/obj/usb_lld.o
                0x00000000080110b0                usb_lld_start_in
 *fill*         0x00000000080110d8        0x8 
 .text.usb_lld_stall_out
                0x00000000080110e0       0x14 build/obj/usb_lld.o
                0x00000000080110e0                usb_lld_stall_out
 *fill*         0x00000000080110f4        0xc 
 .text.usb_lld_stall_in
                0x0000000008011100       0x14 build/obj/usb_lld.o
                0x0000000008011100                usb_lld_stall_in
 *fill*         0x0000000008011114        0xc 
 .text.usb_lld_clear_out
                0x0000000008011120       0x14 build/obj/usb_lld.o
                0x0000000008011120                usb_lld_clear_out
 *fill*         0x0000000008011134        0xc 
 .text.usb_lld_clear_in
                0x0000000008011140       0x14 build/obj/usb_lld.o
                0x0000000008011140                usb_lld_clear_in
 *fill*         0x0000000008011154        0xc 
 .text.spi_lld_init
                0x0000000008011160       0x44 build/obj/spi_lld.o
                0x0000000008011160                spi_lld_init
 *fill*         0x00000000080111a4        0xc 
 .text.VectorB4
                0x00000000080111b0       0x9c build/obj/icu_lld.o
                0x00000000080111b0                VectorB4
 *fill*         0x000000000801124c        0x4 
 .text.icu_lld_init
                0x0000000008011250       0x18 build/obj/icu_lld.o
                0x0000000008011250                icu_lld_init
 *fill*         0x0000000008011268        0x8 
 .text.icu_lld_start
                0x0000000008011270       0xbc build/obj/icu_lld.o
                0x0000000008011270                icu_lld_start
 *fill*         0x000000000801132c        0x4 
 .text.icu_lld_start_capture
                0x0000000008011330       0x14 build/obj/icu_lld.o
                0x0000000008011330                icu_lld_start_capture
 *fill*         0x0000000008011344        0xc 
 .text.icu_lld_enable_notifications
                0x0000000008011350       0x40 build/obj/icu_lld.o
                0x0000000008011350                icu_lld_enable_notifications
 .text.usart_stop
                0x0000000008011390       0x48 build/obj/uart_lld.o
 *fill*         0x00000000080113d8        0x8 
 .text.serve_usart_irq
                0x00000000080113e0       0x78 build/obj/uart_lld.o
 *fill*         0x0000000008011458        0x8 
 .text.uart_lld_serve_tx_end_irq
                0x0000000008011460       0x50 build/obj/uart_lld.o
 .text.uart_lld_serve_rx_end_irq
                0x00000000080114b0       0x90 build/obj/uart_lld.o
 .text.VectorDC
                0x0000000008011540       0x14 build/obj/uart_lld.o
                0x0000000008011540                VectorDC
 *fill*         0x0000000008011554        0xc 
 .text.Vector15C
                0x0000000008011560       0x14 build/obj/uart_lld.o
                0x0000000008011560                Vector15C
 *fill*         0x0000000008011574        0xc 
 .text.uart_lld_init
                0x0000000008011580       0x48 build/obj/uart_lld.o
                0x0000000008011580                uart_lld_init
 *fill*         0x00000000080115c8        0x8 
 .text.uart_lld_start
                0x00000000080115d0      0x15c build/obj/uart_lld.o
                0x00000000080115d0                uart_lld_start
 *fill*         0x000000000801172c        0x4 
 .text.uart_lld_stop
                0x0000000008011730       0x5c build/obj/uart_lld.o
                0x0000000008011730                uart_lld_stop
 *fill*         0x000000000801178c        0x4 
 .text.uart_lld_start_send
                0x0000000008011790       0x34 build/obj/uart_lld.o
                0x0000000008011790                uart_lld_start_send
 *fill*         0x00000000080117c4        0xc 
 .text.__early_init
                0x00000000080117d0        0x4 build/obj/board.o
                0x00000000080117d0                __early_init
 *fill*         0x00000000080117d4        0xc 
 .text.boardInit
                0x00000000080117e0        0x4 build/obj/board.o
                0x00000000080117e0                boardInit
 *fill*         0x00000000080117e4        0xc 
 .text._sbrk_r  0x00000000080117f0       0x18 build/obj/syscalls.o
                0x00000000080117f0                _sbrk_r
 *fill*         0x0000000008011808        0x8 
 .text.timer_thread
                0x0000000008011810       0x20 build/obj/main.o
 .text.periodic_thread
                0x0000000008011830      0x12c build/obj/main.o
 *fill*         0x000000000801195c        0x4 
 .text.startup.main
                0x0000000008011960       0xa0 build/obj/main.o
                0x0000000008011960                main
 .text.get_descriptor
                0x0000000008011a00       0x30 build/obj/comm_usb_serial.o
 .text.usb_event
                0x0000000008011a30       0x40 build/obj/comm_usb_serial.o
 .text.comm_usb_serial_init
                0x0000000008011a70       0x4c build/obj/comm_usb_serial.o
                0x0000000008011a70                comm_usb_serial_init
 *fill*         0x0000000008011abc        0x4 
 .text.Vector88
                0x0000000008011ac0       0x1c build/obj/irq_handlers.o
                0x0000000008011ac0                Vector88
 *fill*         0x0000000008011adc        0x4 
 .text.VectorE0
                0x0000000008011ae0       0x20 build/obj/irq_handlers.o
                0x0000000008011ae0                VectorE0
 .text.VectorB8
                0x0000000008011b00       0x24 build/obj/irq_handlers.o
                0x0000000008011b00                VectorB8
 *fill*         0x0000000008011b24        0xc 
 .text.buffer_append_int16
                0x0000000008011b30       0x18 build/obj/buffer.o
                0x0000000008011b30                buffer_append_int16
 *fill*         0x0000000008011b48        0x8 
 .text.buffer_append_uint16
                0x0000000008011b50       0x18 build/obj/buffer.o
                0x0000000008011b50                buffer_append_uint16
 *fill*         0x0000000008011b68        0x8 
 .text.buffer_append_int32
                0x0000000008011b70       0x2c build/obj/buffer.o
                0x0000000008011b70                buffer_append_int32
 *fill*         0x0000000008011b9c        0x4 
 .text.buffer_append_uint32
                0x0000000008011ba0       0x2c build/obj/buffer.o
                0x0000000008011ba0                buffer_append_uint32
 *fill*         0x0000000008011bcc        0x4 
 .text.buffer_append_float16
                0x0000000008011bd0       0x30 build/obj/buffer.o
                0x0000000008011bd0                buffer_append_float16
 .text.buffer_append_float32
                0x0000000008011c00       0x14 build/obj/buffer.o
                0x0000000008011c00                buffer_append_float32
 *fill*         0x0000000008011c14        0xc 
 .text.buffer_get_int16
                0x0000000008011c20       0x14 build/obj/buffer.o
                0x0000000008011c20                buffer_get_int16
 *fill*         0x0000000008011c34        0xc 
 .text.buffer_get_uint16
                0x0000000008011c40       0x14 build/obj/buffer.o
                0x0000000008011c40                buffer_get_uint16
 *fill*         0x0000000008011c54        0xc 
 .text.buffer_get_int32
                0x0000000008011c60       0x24 build/obj/buffer.o
                0x0000000008011c60                buffer_get_int32
 *fill*         0x0000000008011c84        0xc 
 .text.buffer_get_uint32
                0x0000000008011c90       0x24 build/obj/buffer.o
                0x0000000008011c90                buffer_get_uint32
 *fill*         0x0000000008011cb4        0xc 
 .text.buffer_get_float32
                0x0000000008011cc0       0x20 build/obj/buffer.o
                0x0000000008011cc0                buffer_get_float32
 .text.send_packet
                0x0000000008011ce0       0x1c build/obj/comm_usb.o
 *fill*         0x0000000008011cfc        0x4 
 .text.serial_process_thread
                0x0000000008011d00       0x60 build/obj/comm_usb.o
 .text.serial_read_thread
                0x0000000008011d60       0x74 build/obj/comm_usb.o
 *fill*         0x0000000008011dd4        0xc 
 .text.process_packet
                0x0000000008011de0       0x1c build/obj/comm_usb.o
 *fill*         0x0000000008011dfc        0x4 
 .text.send_packet_wrapper
                0x0000000008011e00       0x28 build/obj/comm_usb.o
 *fill*         0x0000000008011e28        0x8 
 .text.comm_usb_init
                0x0000000008011e30       0x5c build/obj/comm_usb.o
                0x0000000008011e30                comm_usb_init
 *fill*         0x0000000008011e8c        0x4 
 .text.crc16    0x0000000008011e90       0x30 build/obj/crc.o
                0x0000000008011e90                crc16
 .text.filter_fft
                0x0000000008011ec0      0x1f0 build/obj/digital_filter.o
                0x0000000008011ec0                filter_fft
 .text.filter_hamming
                0x00000000080120b0       0xd4 build/obj/digital_filter.o
                0x00000000080120b0                filter_hamming
 *fill*         0x0000000008012184        0xc 
 .text.filter_create_fir_lowpass
                0x0000000008012190       0xc4 build/obj/digital_filter.o
                0x0000000008012190                filter_create_fir_lowpass
 *fill*         0x0000000008012254        0xc 
 .text.filter_run_fir_iteration
                0x0000000008012260       0x40 build/obj/digital_filter.o
                0x0000000008012260                filter_run_fir_iteration
 .text.filter_add_sample
                0x00000000080122a0       0x24 build/obj/digital_filter.o
                0x00000000080122a0                filter_add_sample
 *fill*         0x00000000080122c4        0xc 
 .text.ledpwm_init
                0x00000000080122d0       0x58 build/obj/ledpwm.o
                0x00000000080122d0                ledpwm_init
 *fill*         0x0000000008012328        0x8 
 .text.ledpwm_set_intensity
                0x0000000008012330       0x50 build/obj/ledpwm.o
                0x0000000008012330                ledpwm_set_intensity
 .text.ledpwm_update_pwm
                0x0000000008012380       0x40 build/obj/ledpwm.o
                0x0000000008012380                ledpwm_update_pwm
 .text.update_adc_sample_pos
                0x00000000080123c0      0x200 build/obj/mcpwm.o
 .text.update_rpm_tacho
                0x00000000080125c0       0x9c build/obj/mcpwm.o
 *fill*         0x000000000801265c        0x4 
 .text.update_sensor_mode
                0x0000000008012660       0x58 build/obj/mcpwm.o
 *fill*         0x00000000080126b8        0x8 
 .text.update_timer_attempt
                0x00000000080126c0       0x78 build/obj/mcpwm.o
 *fill*         0x0000000008012738        0x8 
 .text.set_next_timer_settings
                0x0000000008012740       0x2c build/obj/mcpwm.o
 *fill*         0x000000000801276c        0x4 
 .text.set_duty_cycle_hw
                0x0000000008012770      0x12c build/obj/mcpwm.o
 *fill*         0x000000000801289c        0x4 
 .text.set_next_comm_step
                0x00000000080128a0      0x538 build/obj/mcpwm.o
 *fill*         0x0000000008012dd8        0x8 
 .text.commutate
                0x0000000008012de0       0xdc build/obj/mcpwm.o
 *fill*         0x0000000008012ebc        0x4 
 .text.timer_thread
                0x0000000008012ec0      0x250 build/obj/mcpwm.o
 .text.set_switching_frequency.constprop.0
                0x0000000008013110       0x58 build/obj/mcpwm.o
 *fill*         0x0000000008013168        0x8 
 .text.stop_pwm_hw
                0x0000000008013170       0x74 build/obj/mcpwm.o
 *fill*         0x00000000080131e4        0xc 
 .text.full_brake_hw
                0x00000000080131f0       0x74 build/obj/mcpwm.o
 *fill*         0x0000000008013264        0xc 
 .text.mcpwm_deinit
                0x0000000008013270       0x74 build/obj/mcpwm.o
                0x0000000008013270                mcpwm_deinit
 *fill*         0x00000000080132e4        0xc 
 .text.mcpwm_init_hall_table
                0x00000000080132f0       0x4c build/obj/mcpwm.o
                0x00000000080132f0                mcpwm_init_hall_table
 *fill*         0x000000000801333c        0x4 
 .text.mcpwm_init
                0x0000000008013340      0x660 build/obj/mcpwm.o
                0x0000000008013340                mcpwm_init
 .text.mcpwm_set_configuration
                0x00000000080139a0       0x44 build/obj/mcpwm.o
                0x00000000080139a0                mcpwm_set_configuration
 *fill*         0x00000000080139e4        0xc 
 .text.mcpwm_set_pid_speed
                0x00000000080139f0       0x18 build/obj/mcpwm.o
                0x00000000080139f0                mcpwm_set_pid_speed
 *fill*         0x0000000008013a08        0x8 
 .text.mcpwm_set_brake_current
                0x0000000008013a10       0xdc build/obj/mcpwm.o
                0x0000000008013a10                mcpwm_set_brake_current
 *fill*         0x0000000008013aec        0x4 
 .text.mcpwm_get_comm_step
                0x0000000008013af0        0xc build/obj/mcpwm.o
                0x0000000008013af0                mcpwm_get_comm_step
 *fill*         0x0000000008013afc        0x4 
 .text.mcpwm_get_duty_cycle_now
                0x0000000008013b00        0xc build/obj/mcpwm.o
                0x0000000008013b00                mcpwm_get_duty_cycle_now
 *fill*         0x0000000008013b0c        0x4 
 .text.mcpwm_get_switching_frequency_now
                0x0000000008013b10        0xc build/obj/mcpwm.o
                0x0000000008013b10                mcpwm_get_switching_frequency_now
 *fill*         0x0000000008013b1c        0x4 
 .text.mcpwm_get_rpm
                0x0000000008013b20       0x24 build/obj/mcpwm.o
                0x0000000008013b20                mcpwm_get_rpm
 *fill*         0x0000000008013b44        0xc 
 .text.mcpwm_get_state
                0x0000000008013b50        0xc build/obj/mcpwm.o
                0x0000000008013b50                mcpwm_get_state
 *fill*         0x0000000008013b5c        0x4 
 .text.mcpwm_get_kv_filtered
                0x0000000008013b60       0x1c build/obj/mcpwm.o
                0x0000000008013b60                mcpwm_get_kv_filtered
 *fill*         0x0000000008013b7c        0x4 
 .text.mcpwm_get_tot_current
                0x0000000008013b80        0xc build/obj/mcpwm.o
                0x0000000008013b80                mcpwm_get_tot_current
 *fill*         0x0000000008013b8c        0x4 
 .text.mcpwm_get_tot_current_filtered
                0x0000000008013b90        0xc build/obj/mcpwm.o
                0x0000000008013b90                mcpwm_get_tot_current_filtered
 *fill*         0x0000000008013b9c        0x4 
 .text.mcpwm_get_tot_current_directional
                0x0000000008013ba0       0x24 build/obj/mcpwm.o
                0x0000000008013ba0                mcpwm_get_tot_current_directional
 *fill*         0x0000000008013bc4        0xc 
 .text.mcpwm_get_tot_current_directional_filtered
                0x0000000008013bd0       0x24 build/obj/mcpwm.o
                0x0000000008013bd0                mcpwm_get_tot_current_directional_filtered
 *fill*         0x0000000008013bf4        0xc 
 .text.mcpwm_get_tot_current_in_filtered
                0x0000000008013c00       0x20 build/obj/mcpwm.o
                0x0000000008013c00                mcpwm_get_tot_current_in_filtered
 .text.mcpwm_get_tachometer_value
                0x0000000008013c20       0x14 build/obj/mcpwm.o
                0x0000000008013c20                mcpwm_get_tachometer_value
 *fill*         0x0000000008013c34        0xc 
 .text.mcpwm_get_tachometer_abs_value
                0x0000000008013c40       0x14 build/obj/mcpwm.o
                0x0000000008013c40                mcpwm_get_tachometer_abs_value
 *fill*         0x0000000008013c54        0xc 
 .text.mcpwm_stop_pwm
                0x0000000008013c60       0x28 build/obj/mcpwm.o
                0x0000000008013c60                mcpwm_stop_pwm
 *fill*         0x0000000008013c88        0x8 
 .text.mcpwm_adc_inj_int_handler
                0x0000000008013c90      0x494 build/obj/mcpwm.o
                0x0000000008013c90                mcpwm_adc_inj_int_handler
 *fill*         0x0000000008014124        0xc 
 .text.mcpwm_set_detect
                0x0000000008014130       0x54 build/obj/mcpwm.o
                0x0000000008014130                mcpwm_set_detect
 *fill*         0x0000000008014184        0xc 
 .text.mcpwm_get_detect_pos
                0x0000000008014190      0x110 build/obj/mcpwm.o
                0x0000000008014190                mcpwm_get_detect_pos
 .text.mcpwm_read_reset_avg_cycle_integrator
                0x00000000080142a0       0x20 build/obj/mcpwm.o
                0x00000000080142a0                mcpwm_read_reset_avg_cycle_integrator
 .text.mcpwm_get_last_adc_isr_duration
                0x00000000080142c0        0xc build/obj/mcpwm.o
                0x00000000080142c0                mcpwm_get_last_adc_isr_duration
 *fill*         0x00000000080142cc        0x4 
 .text.mcpwm_get_last_inj_adc_isr_duration
                0x00000000080142d0        0xc build/obj/mcpwm.o
                0x00000000080142d0                mcpwm_get_last_inj_adc_isr_duration
 *fill*         0x00000000080142dc        0x4 
 .text.mcpwm_get_rpm_dep
                0x00000000080142e0       0x20 build/obj/mcpwm.o
                0x00000000080142e0                mcpwm_get_rpm_dep
 .text.mcpwm_is_dccal_done
                0x0000000008014300        0xc build/obj/mcpwm.o
                0x0000000008014300                mcpwm_is_dccal_done
 *fill*         0x000000000801430c        0x4 
 .text.mcpwm_reset_hall_detect_table
                0x0000000008014310       0x10 build/obj/mcpwm.o
                0x0000000008014310                mcpwm_reset_hall_detect_table
 .text.mcpwm_get_hall_detect_result
                0x0000000008014320       0xb0 build/obj/mcpwm.o
                0x0000000008014320                mcpwm_get_hall_detect_result
 .text.mcpwm_read_hall_phase
                0x00000000080143d0       0x48 build/obj/mcpwm.o
                0x00000000080143d0                mcpwm_read_hall_phase
 *fill*         0x0000000008014418        0x8 
 .text.set_duty_cycle_ll
                0x0000000008014420      0x1b0 build/obj/mcpwm.o
 .text.set_duty_cycle_hl
                0x00000000080145d0      0x10c build/obj/mcpwm.o
 *fill*         0x00000000080146dc        0x4 
 .text.mcpwm_set_duty
                0x00000000080146e0       0x10 build/obj/mcpwm.o
                0x00000000080146e0                mcpwm_set_duty
 .text.rpm_thread
                0x00000000080146f0      0x3a4 build/obj/mcpwm.o
 *fill*         0x0000000008014a94        0xc 
 .text.mcpwm_set_pid_pos
                0x0000000008014aa0       0x34 build/obj/mcpwm.o
                0x0000000008014aa0                mcpwm_set_pid_pos
 *fill*         0x0000000008014ad4        0xc 
 .text.mcpwm_set_current
                0x0000000008014ae0       0x98 build/obj/mcpwm.o
                0x0000000008014ae0                mcpwm_set_current
 *fill*         0x0000000008014b78        0x8 
 .text.mcpwm_adc_int_handler
                0x0000000008014b80      0xd04 build/obj/mcpwm.o
                0x0000000008014b80                mcpwm_adc_int_handler
 *fill*         0x0000000008015884        0xc 
 .text.icuperiodcb
                0x0000000008015890        0x4 build/obj/servo_dec.o
 *fill*         0x0000000008015894        0xc 
 .text.icuwidthcb
                0x00000000080158a0      0x13c build/obj/servo_dec.o
 *fill*         0x00000000080159dc        0x4 
 .text.servodec_init
                0x00000000080159e0       0x50 build/obj/servo_dec.o
                0x00000000080159e0                servodec_init
 .text.servodec_set_pulse_options
                0x0000000008015a30       0x20 build/obj/servo_dec.o
                0x0000000008015a30                servodec_set_pulse_options
 .text.servodec_get_servo
                0x0000000008015a50       0x1c build/obj/servo_dec.o
                0x0000000008015a50                servodec_get_servo
 *fill*         0x0000000008015a6c        0x4 
 .text.servodec_get_time_since_update
                0x0000000008015a70       0x20 build/obj/servo_dec.o
                0x0000000008015a70                servodec_get_time_since_update
 .text.servodec_get_last_pulse_len
                0x0000000008015a90       0x1c build/obj/servo_dec.o
                0x0000000008015a90                servodec_get_last_pulse_len
 *fill*         0x0000000008015aac        0x4 
 .text.utils_step_towards
                0x0000000008015ab0       0x38 build/obj/utils.o
                0x0000000008015ab0                utils_step_towards
 *fill*         0x0000000008015ae8        0x8 
 .text.utils_norm_angle
                0x0000000008015af0       0x34 build/obj/utils.o
                0x0000000008015af0                utils_norm_angle
 *fill*         0x0000000008015b24        0xc 
 .text.utils_norm_angle_rad
                0x0000000008015b30       0x5c build/obj/utils.o
                0x0000000008015b30                utils_norm_angle_rad
 *fill*         0x0000000008015b8c        0x4 
 .text.utils_truncate_number
                0x0000000008015b90       0x2c build/obj/utils.o
                0x0000000008015b90                utils_truncate_number
 *fill*         0x0000000008015bbc        0x4 
 .text.utils_map
                0x0000000008015bc0       0x1c build/obj/utils.o
                0x0000000008015bc0                utils_map
 *fill*         0x0000000008015bdc        0x4 
 .text.utils_deadband
                0x0000000008015be0       0x48 build/obj/utils.o
                0x0000000008015be0                utils_deadband
 *fill*         0x0000000008015c28        0x8 
 .text.utils_angle_difference
                0x0000000008015c30       0x54 build/obj/utils.o
                0x0000000008015c30                utils_angle_difference
 *fill*         0x0000000008015c84        0xc 
 .text.utils_angle_difference_rad
                0x0000000008015c90       0x54 build/obj/utils.o
                0x0000000008015c90                utils_angle_difference_rad
 *fill*         0x0000000008015ce4        0xc 
 .text.utils_middle_of_3
                0x0000000008015cf0       0x80 build/obj/utils.o
                0x0000000008015cf0                utils_middle_of_3
 .text.utils_fast_atan2
                0x0000000008015d70       0x78 build/obj/utils.o
                0x0000000008015d70                utils_fast_atan2
 *fill*         0x0000000008015de8        0x8 
 .text.utils_saturate_vector_2d
                0x0000000008015df0       0x94 build/obj/utils.o
                0x0000000008015df0                utils_saturate_vector_2d
 *fill*         0x0000000008015e84        0xc 
 .text.utils_fast_sincos_better
                0x0000000008015e90      0x130 build/obj/utils.o
                0x0000000008015e90                utils_fast_sincos_better
 .text.utils_sys_lock_cnt
                0x0000000008015fc0       0x18 build/obj/utils.o
                0x0000000008015fc0                utils_sys_lock_cnt
 *fill*         0x0000000008015fd8        0x8 
 .text.utils_sys_unlock_cnt
                0x0000000008015fe0       0x1c build/obj/utils.o
                0x0000000008015fe0                utils_sys_unlock_cnt
 *fill*         0x0000000008015ffc        0x4 
 .text.packet_init
                0x0000000008016000       0x14 build/obj/packet.o
                0x0000000008016000                packet_init
 *fill*         0x0000000008016014        0xc 
 .text.packet_send_packet
                0x0000000008016020       0x84 build/obj/packet.o
                0x0000000008016020                packet_send_packet
 *fill*         0x00000000080160a4        0xc 
 .text.packet_timerfunc
                0x00000000080160b0       0x48 build/obj/packet.o
                0x00000000080160b0                packet_timerfunc
 *fill*         0x00000000080160f8        0x8 
 .text.packet_process_byte
                0x0000000008016100      0x148 build/obj/packet.o
                0x0000000008016100                packet_process_byte
 *fill*         0x0000000008016248        0x8 
 .text.terminal_process_string
                0x0000000008016250      0xe30 build/obj/terminal.o
                0x0000000008016250                terminal_process_string
 .text.terminal_add_fault_data
                0x0000000008017080       0x40 build/obj/terminal.o
                0x0000000008017080                terminal_add_fault_data
 .text.conf_general_init
                0x00000000080170c0       0x58 build/obj/conf_general.o
                0x00000000080170c0                conf_general_init
 *fill*         0x0000000008017118        0x8 
 .text.conf_general_get_default_app_configuration
                0x0000000008017120      0x124 build/obj/conf_general.o
                0x0000000008017120                conf_general_get_default_app_configuration
 *fill*         0x0000000008017244        0xc 
 .text.conf_general_get_default_mc_configuration
                0x0000000008017250      0x290 build/obj/conf_general.o
                0x0000000008017250                conf_general_get_default_mc_configuration
 .text.conf_general_read_app_configuration
                0x00000000080174e0       0x40 build/obj/conf_general.o
                0x00000000080174e0                conf_general_read_app_configuration
 .text.conf_general_store_app_configuration
                0x0000000008017520       0x64 build/obj/conf_general.o
                0x0000000008017520                conf_general_store_app_configuration
 *fill*         0x0000000008017584        0xc 
 .text.conf_general_read_mc_configuration
                0x0000000008017590       0x40 build/obj/conf_general.o
                0x0000000008017590                conf_general_read_mc_configuration
 .text.conf_general_store_mc_configuration
                0x00000000080175d0       0x64 build/obj/conf_general.o
                0x00000000080175d0                conf_general_store_mc_configuration
 *fill*         0x0000000008017634        0xc 
 .text.conf_general_detect_motor_param
                0x0000000008017640      0x1f0 build/obj/conf_general.o
                0x0000000008017640                conf_general_detect_motor_param
 .text.conf_general_measure_flux_linkage
                0x0000000008017830      0x19c build/obj/conf_general.o
                0x0000000008017830                conf_general_measure_flux_linkage
 *fill*         0x00000000080179cc        0x4 
 .text.EE_VerifyPageFullWriteVariable
                0x00000000080179d0       0x7c build/obj/eeprom.o
 *fill*         0x0000000008017a4c        0x4 
 .text.EE_EraseSectorIfNotEmpty.constprop.1
                0x0000000008017a50       0x30 build/obj/eeprom.o
 .text.EE_Format
                0x0000000008017a80       0x2c build/obj/eeprom.o
 *fill*         0x0000000008017aac        0x4 
 .text.EE_ReadVariable
                0x0000000008017ab0       0x70 build/obj/eeprom.o
                0x0000000008017ab0                EE_ReadVariable
 .text.EE_Init  0x0000000008017b20      0x140 build/obj/eeprom.o
                0x0000000008017b20                EE_Init
 .text.EE_WriteVariable
                0x0000000008017c60       0xbc build/obj/eeprom.o
                0x0000000008017c60                EE_WriteVariable
 *fill*         0x0000000008017d1c        0x4 
 .text.detect_thread
                0x0000000008017d20      0x100 build/obj/commands.o
 .text.commands_init
                0x0000000008017e20       0x24 build/obj/commands.o
                0x0000000008017e20                commands_init
 *fill*         0x0000000008017e44        0xc 
 .text.commands_set_send_func
                0x0000000008017e50        0xc build/obj/commands.o
                0x0000000008017e50                commands_set_send_func
 *fill*         0x0000000008017e5c        0x4 
 .text.commands_send_packet
                0x0000000008017e60       0x10 build/obj/commands.o
                0x0000000008017e60                commands_send_packet
 .text.commands_process_packet
                0x0000000008017e70     0x1c40 build/obj/commands.o
                0x0000000008017e70                commands_process_packet
 .text.commands_printf
                0x0000000008019ab0       0x44 build/obj/commands.o
                0x0000000008019ab0                commands_printf
 *fill*         0x0000000008019af4        0xc 
 .text.commands_send_samples
                0x0000000008019b00       0x4c build/obj/commands.o
                0x0000000008019b00                commands_send_samples
 *fill*         0x0000000008019b4c        0x4 
 .text.commands_send_rotor_pos
                0x0000000008019b50       0x40 build/obj/commands.o
                0x0000000008019b50                commands_send_rotor_pos
 .text.commands_get_disp_pos_mode
                0x0000000008019b90        0xc build/obj/commands.o
                0x0000000008019b90                commands_get_disp_pos_mode
 *fill*         0x0000000008019b9c        0x4 
 .text.timeout_thread
                0x0000000008019ba0       0x80 build/obj/timeout.o
 .text.timeout_init
                0x0000000008019c20       0x54 build/obj/timeout.o
                0x0000000008019c20                timeout_init
 *fill*         0x0000000008019c74        0xc 
 .text.timeout_configure
                0x0000000008019c80       0x14 build/obj/timeout.o
                0x0000000008019c80                timeout_configure
 *fill*         0x0000000008019c94        0xc 
 .text.timeout_reset
                0x0000000008019ca0       0x20 build/obj/timeout.o
                0x0000000008019ca0                timeout_reset
 .text.timeout_has_timeout
                0x0000000008019cc0        0xc build/obj/timeout.o
                0x0000000008019cc0                timeout_has_timeout
 *fill*         0x0000000008019ccc        0x4 
 .text.timeout_get_timeout_msec
                0x0000000008019cd0        0xc build/obj/timeout.o
                0x0000000008019cd0                timeout_get_timeout_msec
 *fill*         0x0000000008019cdc        0x4 
 .text.timeout_get_brake_current
                0x0000000008019ce0        0xc build/obj/timeout.o
                0x0000000008019ce0                timeout_get_brake_current
 *fill*         0x0000000008019cec        0x4 
 .text.cancom_process_thread
                0x0000000008019cf0      0x32c build/obj/comm_can.o
 *fill*         0x000000000801a01c        0x4 
 .text.cancom_read_thread
                0x000000000801a020       0xc8 build/obj/comm_can.o
 *fill*         0x000000000801a0e8        0x8 
 .text.comm_can_init
                0x000000000801a0f0       0xb0 build/obj/comm_can.o
                0x000000000801a0f0                comm_can_init
 .text.comm_can_transmit
                0x000000000801a1a0       0x50 build/obj/comm_can.o
                0x000000000801a1a0                comm_can_transmit
 .text.cancom_status_thread
                0x000000000801a1f0       0xb0 build/obj/comm_can.o
 .text.comm_can_send_buffer
                0x000000000801a2a0      0x160 build/obj/comm_can.o
                0x000000000801a2a0                comm_can_send_buffer
 .text.send_packet_wrapper
                0x000000000801a400       0x14 build/obj/comm_can.o
 *fill*         0x000000000801a414        0xc 
 .text.comm_can_set_duty
                0x000000000801a420       0x38 build/obj/comm_can.o
                0x000000000801a420                comm_can_set_duty
 *fill*         0x000000000801a458        0x8 
 .text.comm_can_set_current
                0x000000000801a460       0x38 build/obj/comm_can.o
                0x000000000801a460                comm_can_set_current
 *fill*         0x000000000801a498        0x8 
 .text.comm_can_set_current_brake
                0x000000000801a4a0       0x38 build/obj/comm_can.o
                0x000000000801a4a0                comm_can_set_current_brake
 *fill*         0x000000000801a4d8        0x8 
 .text.comm_can_get_status_msg_index
                0x000000000801a4e0       0x18 build/obj/comm_can.o
                0x000000000801a4e0                comm_can_get_status_msg_index
 *fill*         0x000000000801a4f8        0x8 
 .text.led_external_set_state
                0x000000000801a500        0xc build/obj/led_external.o
                0x000000000801a500                led_external_set_state
 *fill*         0x000000000801a50c        0x4 
 .text.led_external_set_reversed
                0x000000000801a510        0xc build/obj/led_external.o
                0x000000000801a510                led_external_set_reversed
 *fill*         0x000000000801a51c        0x4 
 .text.spi_transfer.isra.0.constprop.1
                0x000000000801a520       0x48 build/obj/encoder.o
 *fill*         0x000000000801a568        0x8 
 .text.encoder_deinit
                0x000000000801a570       0x74 build/obj/encoder.o
                0x000000000801a570                encoder_deinit
 *fill*         0x000000000801a5e4        0xc 
 .text.encoder_init_abi
                0x000000000801a5f0       0xa0 build/obj/encoder.o
                0x000000000801a5f0                encoder_init_abi
 .text.encoder_init_as5047p_spi
                0x000000000801a690       0x90 build/obj/encoder.o
                0x000000000801a690                encoder_init_as5047p_spi
 .text.encoder_is_configured
                0x000000000801a720       0x10 build/obj/encoder.o
                0x000000000801a720                encoder_is_configured
 .text.encoder_read_deg
                0x000000000801a730       0x64 build/obj/encoder.o
                0x000000000801a730                encoder_read_deg
 *fill*         0x000000000801a794        0xc 
 .text.encoder_reset
                0x000000000801a7a0       0x18 build/obj/encoder.o
                0x000000000801a7a0                encoder_reset
 *fill*         0x000000000801a7b8        0x8 
 .text.encoder_tim_isr
                0x000000000801a7c0       0x50 build/obj/encoder.o
                0x000000000801a7c0                encoder_tim_isr
 .text.encoder_set_counts
                0x000000000801a810       0x2c build/obj/encoder.o
                0x000000000801a810                encoder_set_counts
 *fill*         0x000000000801a83c        0x4 
 .text.encoder_index_found
                0x000000000801a840        0xc build/obj/encoder.o
                0x000000000801a840                encoder_index_found
 *fill*         0x000000000801a84c        0x4 
 .text.flash_helper_erase_new_app
                0x000000000801a850       0x70 build/obj/flash_helper.o
                0x000000000801a850                flash_helper_erase_new_app
 .text.flash_helper_write_new_app_data
                0x000000000801a8c0       0x60 build/obj/flash_helper.o
                0x000000000801a8c0                flash_helper_write_new_app_data
 .text.flash_helper_jump_to_bootloader
                0x000000000801a920       0x8c build/obj/flash_helper.o
                0x000000000801a920                flash_helper_jump_to_bootloader
 *fill*         0x000000000801a9ac        0x4 
 .text.flash_helper_get_sector_address
                0x000000000801a9b0       0x28 build/obj/flash_helper.o
                0x000000000801a9b0                flash_helper_get_sector_address
 *fill*         0x000000000801a9d8        0x8 
 .text.sample_send_thread
                0x000000000801a9e0      0x130 build/obj/mc_interface.o
 .text.mc_interface_init
                0x000000000801ab10      0x178 build/obj/mc_interface.o
                0x000000000801ab10                mc_interface_init
 *fill*         0x000000000801ac88        0x8 
 .text.mc_interface_get_configuration
                0x000000000801ac90        0x8 build/obj/mc_interface.o
                0x000000000801ac90                mc_interface_get_configuration
 *fill*         0x000000000801ac98        0x8 
 .text.mc_interface_dccal_done
                0x000000000801aca0       0x20 build/obj/mc_interface.o
                0x000000000801aca0                mc_interface_dccal_done
 .text.mc_interface_lock
                0x000000000801acc0        0xc build/obj/mc_interface.o
                0x000000000801acc0                mc_interface_lock
 *fill*         0x000000000801accc        0x4 
 .text.mc_interface_unlock
                0x000000000801acd0        0xc build/obj/mc_interface.o
                0x000000000801acd0                mc_interface_unlock
 *fill*         0x000000000801acdc        0x4 
 .text.mc_interface_lock_override_once
                0x000000000801ace0        0xc build/obj/mc_interface.o
                0x000000000801ace0                mc_interface_lock_override_once
 *fill*         0x000000000801acec        0x4 
 .text.mc_interface_get_fault
                0x000000000801acf0        0xc build/obj/mc_interface.o
                0x000000000801acf0                mc_interface_get_fault
 *fill*         0x000000000801acfc        0x4 
 .text.mc_interface_fault_to_string
                0x000000000801ad00       0x18 build/obj/mc_interface.o
                0x000000000801ad00                mc_interface_fault_to_string
 *fill*         0x000000000801ad18        0x8 
 .text.mc_interface_get_state
                0x000000000801ad20       0x20 build/obj/mc_interface.o
                0x000000000801ad20                mc_interface_get_state
 .text.mc_interface_get_duty_cycle_now
                0x000000000801ad40       0x24 build/obj/mc_interface.o
                0x000000000801ad40                mc_interface_get_duty_cycle_now
 *fill*         0x000000000801ad64        0xc 
 .text.mc_interface_get_sampling_frequency_now
                0x000000000801ad70       0x34 build/obj/mc_interface.o
                0x000000000801ad70                mc_interface_get_sampling_frequency_now
 *fill*         0x000000000801ada4        0xc 
 .text.mc_interface_get_rpm
                0x000000000801adb0       0x24 build/obj/mc_interface.o
                0x000000000801adb0                mc_interface_get_rpm
 *fill*         0x000000000801add4        0xc 
 .text.mc_interface_get_amp_hours
                0x000000000801ade0       0x20 build/obj/mc_interface.o
                0x000000000801ade0                mc_interface_get_amp_hours
 .text.mc_interface_get_amp_hours_charged
                0x000000000801ae00       0x20 build/obj/mc_interface.o
                0x000000000801ae00                mc_interface_get_amp_hours_charged
 .text.mc_interface_get_watt_hours
                0x000000000801ae20       0x24 build/obj/mc_interface.o
                0x000000000801ae20                mc_interface_get_watt_hours
 *fill*         0x000000000801ae44        0xc 
 .text.mc_interface_get_watt_hours_charged
                0x000000000801ae50       0x20 build/obj/mc_interface.o
                0x000000000801ae50                mc_interface_get_watt_hours_charged
 .text.mc_interface_get_tot_current
                0x000000000801ae70       0x24 build/obj/mc_interface.o
                0x000000000801ae70                mc_interface_get_tot_current
 *fill*         0x000000000801ae94        0xc 
 .text.mc_interface_get_tot_current_filtered
                0x000000000801aea0       0x24 build/obj/mc_interface.o
                0x000000000801aea0                mc_interface_get_tot_current_filtered
 *fill*         0x000000000801aec4        0xc 
 .text.mc_interface_get_tot_current_directional
                0x000000000801aed0       0x24 build/obj/mc_interface.o
                0x000000000801aed0                mc_interface_get_tot_current_directional
 *fill*         0x000000000801aef4        0xc 
 .text.mc_interface_get_tot_current_directional_filtered
                0x000000000801af00       0x24 build/obj/mc_interface.o
                0x000000000801af00                mc_interface_get_tot_current_directional_filtered
 *fill*         0x000000000801af24        0xc 
 .text.mc_interface_get_tot_current_in_filtered
                0x000000000801af30       0x24 build/obj/mc_interface.o
                0x000000000801af30                mc_interface_get_tot_current_in_filtered
 *fill*         0x000000000801af54        0xc 
 .text.mc_interface_get_tachometer_value
                0x000000000801af60       0x20 build/obj/mc_interface.o
                0x000000000801af60                mc_interface_get_tachometer_value
 .text.mc_interface_get_tachometer_abs_value
                0x000000000801af80       0x20 build/obj/mc_interface.o
                0x000000000801af80                mc_interface_get_tachometer_abs_value
 .text.mc_interface_get_last_inj_adc_isr_duration
                0x000000000801afa0       0x24 build/obj/mc_interface.o
                0x000000000801afa0                mc_interface_get_last_inj_adc_isr_duration
 *fill*         0x000000000801afc4        0xc 
 .text.mc_interface_read_reset_avg_motor_current
                0x000000000801afd0       0x20 build/obj/mc_interface.o
                0x000000000801afd0                mc_interface_read_reset_avg_motor_current
 .text.mc_interface_read_reset_avg_input_current
                0x000000000801aff0       0x20 build/obj/mc_interface.o
                0x000000000801aff0                mc_interface_read_reset_avg_input_current
 .text.mc_interface_get_pid_pos_set
                0x000000000801b010        0xc build/obj/mc_interface.o
                0x000000000801b010                mc_interface_get_pid_pos_set
 *fill*         0x000000000801b01c        0x4 
 .text.mc_interface_get_pid_pos_now
                0x000000000801b020       0x24 build/obj/mc_interface.o
                0x000000000801b020                mc_interface_get_pid_pos_now
 *fill*         0x000000000801b044        0xc 
 .text.mc_interface_get_last_sample_adc_isr_duration
                0x000000000801b050        0xc build/obj/mc_interface.o
                0x000000000801b050                mc_interface_get_last_sample_adc_isr_duration
 *fill*         0x000000000801b05c        0x4 
 .text.mc_interface_sample_print_data
                0x000000000801b060       0x48 build/obj/mc_interface.o
                0x000000000801b060                mc_interface_sample_print_data
 *fill*         0x000000000801b0a8        0x8 
 .text.mc_interface_try_input
                0x000000000801b0b0       0x40 build/obj/mc_interface.o
                0x000000000801b0b0                mc_interface_try_input
 .text.mc_interface_set_duty
                0x000000000801b0f0       0x48 build/obj/mc_interface.o
                0x000000000801b0f0                mc_interface_set_duty
 *fill*         0x000000000801b138        0x8 
 .text.mc_interface_set_pid_speed
                0x000000000801b140       0x48 build/obj/mc_interface.o
                0x000000000801b140                mc_interface_set_pid_speed
 *fill*         0x000000000801b188        0x8 
 .text.mc_interface_set_pid_pos
                0x000000000801b190       0x54 build/obj/mc_interface.o
                0x000000000801b190                mc_interface_set_pid_pos
 *fill*         0x000000000801b1e4        0xc 
 .text.mc_interface_set_current
                0x000000000801b1f0       0x48 build/obj/mc_interface.o
                0x000000000801b1f0                mc_interface_set_current
 *fill*         0x000000000801b238        0x8 
 .text.mc_interface_release_motor